transform / tailwindcss-animate / css / 0: |-
  @keyframes fadeIn {
    from {
      opacity: 0;
    }
    to {
      opacity: 1;
    }
  }
  @-webkit-keyframes fadeIn {
    from {
      opacity: 0;
    }
    to {
      opacity: 1;
    }
  }
  @keyframes ping {
    0% {
      -webkit-transform: scale(1);
      transform: scale(1);
      opacity: 1;
    }
    75%, 100% {
      -webkit-transform: scale(2);
      transform: scale(2);
      opacity: 0;
    }
  }
  @-webkit-keyframes ping {
    0% {
      -webkit-transform: scale(1);
      transform: scale(1);
      opacity: 1;
    }
    75%, 100% {
      -webkit-transform: scale(2);
      transform: scale(2);
      opacity: 0;
    }
  }
  @keyframes shakeY {
    from, to {
      -webkit-transform: translate3d(0, 0, 0);
      transform: translate3d(0, 0, 0);
    }
    10%, 30%, 50%, 70%, 90% {
      -webkit-transform: translate3d(0, -10px, 0);
      transform: translate3d(0, -10px, 0);
    }
    20%, 40%, 60%, 80% {
      -webkit-transform: translate3d(0, 10px, 0);
      transform: translate3d(0, 10px, 0);
    }
  }
  @-webkit-keyframes shakeY {
    from, to {
      -webkit-transform: translate3d(0, 0, 0);
      transform: translate3d(0, 0, 0);
    }
    10%, 30%, 50%, 70%, 90% {
      -webkit-transform: translate3d(0, -10px, 0);
      transform: translate3d(0, -10px, 0);
    }
    20%, 40%, 60%, 80% {
      -webkit-transform: translate3d(0, 10px, 0);
      transform: translate3d(0, 10px, 0);
    }
  }
  .animate-fadeIn {
    animation-name: fadeIn;
  }
  .animate-ping {
    -webkit-animation: ping 1s cubic-bezier(0, 0, 0.2, 1) infinite;
    animation: ping 1s cubic-bezier(0, 0, 0.2, 1) infinite;
  }
  .animate-delay-2s {
    animation-delay: 2000ms;
  }
  .animate-shakeY {
    animation-name: shakeY;
  }
  .animate-animated {
    animation-duration: 1000ms;
    animation-fill-mode: both;
  }
